// Jest Snapshot v1, https://goo.gl/fbAQLP

exports[`decode decodeEvent should decode ADVERTISING_REPORT event 1`] = `
Array [
  Object {
    "addressType": "RANDOM",
    "macAddress": "2730bb4ce973",
    "opcode": 112,
    "packetType": "CONNECTABLE_UNDIRECTED_ADVERTISING",
    "payload": Object {
      "data": Array [
        2,
        1,
        26,
        2,
        10,
        8,
        12,
        255,
        76,
        0,
        16,
        7,
        63,
        31,
        125,
        158,
        101,
        1,
        24,
      ],
      "type": "Buffer",
    },
    "rssi": 72,
    "type": "advertising_report",
  },
]
`;

exports[`decode decodeEvent should decode many ADVERTISING_REPORT event 1`] = `
Array [
  Object {
    "addressType": "RANDOM",
    "macAddress": "2730bb4ce973",
    "opcode": 112,
    "packetType": "CONNECTABLE_UNDIRECTED_ADVERTISING",
    "payload": Object {
      "data": Array [
        2,
        1,
        26,
        2,
        10,
        8,
        12,
        255,
        76,
        0,
        16,
        7,
        63,
        31,
        125,
        158,
        101,
        1,
        24,
      ],
      "type": "Buffer",
    },
    "rssi": 72,
    "type": "advertising_report",
  },
  Object {
    "addressType": "RANDOM",
    "macAddress": "2730bb4ce973",
    "opcode": 112,
    "packetType": "SCAN_RESPONSE",
    "payload": Object {
      "data": Array [],
      "type": "Buffer",
    },
    "rssi": 0,
    "type": "advertising_report",
  },
  Object {
    "addressType": "RANDOM",
    "macAddress": "8bb2d6e54a3c",
    "opcode": 112,
    "packetType": "NON_CONNECTABLE_UNDIRECTED_ADVERTISING",
    "payload": Object {
      "data": Array [
        30,
        255,
        6,
        0,
        1,
        9,
        32,
        2,
        195,
        112,
        136,
        92,
        123,
        116,
        191,
        235,
        21,
        35,
        183,
        12,
        28,
        221,
        143,
        108,
        15,
        193,
        241,
        212,
        4,
        100,
        251,
      ],
      "type": "Buffer",
    },
    "rssi": 49,
    "type": "advertising_report",
  },
  Object {
    "addressType": "RANDOM",
    "macAddress": "789c482c6261",
    "opcode": 112,
    "packetType": "CONNECTABLE_UNDIRECTED_ADVERTISING",
    "payload": Object {
      "data": Array [
        2,
        1,
        6,
        26,
        255,
        76,
        0,
        12,
        14,
        0,
        132,
        72,
        97,
        219,
        122,
        6,
        129,
        193,
        200,
        82,
        126,
        147,
        134,
        16,
        5,
        74,
        28,
        250,
        222,
        109,
      ],
      "type": "Buffer",
    },
    "rssi": -115,
    "type": "advertising_report",
  },
  Object {
    "addressType": "RANDOM",
    "macAddress": "9f66173bf674",
    "opcode": 112,
    "packetType": "CONNECTABLE_UNDIRECTED_ADVERTISING",
    "payload": Object {
      "data": Array [
        2,
        1,
        6,
        10,
        255,
        76,
        0,
        16,
        5,
        65,
        28,
        56,
        73,
        43,
      ],
      "type": "Buffer",
    },
    "rssi": -120,
    "type": "advertising_report",
  },
  Object {
    "data": Object {
      "data": Array [
        170,
        0,
        37,
        112,
        0,
        0,
        194,
        185,
        74,
        41,
        232,
        24,
        26,
        2,
        1,
        6,
        17,
        6,
        23,
        69,
        86,
        16,
        115,
        237,
        9,
        166,
        179,
        78,
        124,
        229,
        82,
        170,
        0,
        29,
        112,
        4,
        0,
      ],
      "type": "Buffer",
    },
    "type": "short",
  },
  Object {
    "addressType": "PUBLIC",
    "macAddress": "c2b94a29e818",
    "opcode": 112,
    "packetType": "SCAN_RESPONSE",
    "payload": Object {
      "data": Array [
        9,
        22,
        42,
        37,
        24,
        232,
        41,
        74,
        185,
        193,
        7,
        22,
        24,
        32,
        192,
        168,
        254,
        50,
      ],
      "type": "Buffer",
    },
    "rssi": 109,
    "type": "advertising_report",
  },
  Object {
    "addressType": "RANDOM",
    "macAddress": "b18b5a325b06",
    "opcode": 112,
    "packetType": "NON_CONNECTABLE_UNDIRECTED_ADVERTISING",
    "payload": Object {
      "data": Array [
        2,
        1,
        26,
        3,
        3,
        111,
        253,
        23,
        22,
        111,
        253,
        3,
        126,
        99,
        12,
        109,
        201,
        128,
        211,
        72,
        137,
        47,
        245,
        165,
        145,
        210,
        201,
        27,
        164,
        156,
        145,
      ],
      "type": "Buffer",
    },
    "rssi": 11,
    "type": "advertising_report",
  },
  Object {
    "addressType": "RANDOM",
    "macAddress": "1bfb7848e208",
    "opcode": 112,
    "packetType": "CONNECTABLE_UNDIRECTED_ADVERTISING",
    "payload": Object {
      "data": Array [
        194,
        149,
        132,
        72,
        24,
        119,
      ],
      "type": "Buffer",
    },
    "rssi": 64,
    "type": "advertising_report",
  },
  Object {
    "addressType": "RANDOM",
    "macAddress": "b0a729b9cb5c",
    "opcode": 112,
    "packetType": "SCAN_RESPONSE",
    "payload": Object {
      "data": Array [],
      "type": "Buffer",
    },
    "rssi": 119,
    "type": "advertising_report",
  },
  Object {
    "addressType": "RANDOM",
    "macAddress": "c29584481877",
    "opcode": 112,
    "packetType": "SCAN_RESPONSE",
    "payload": Object {
      "data": Array [],
      "type": "Buffer",
    },
    "rssi": 37,
    "type": "advertising_report",
  },
  Object {
    "addressType": "RANDOM",
    "macAddress": "3858eb157358",
    "opcode": 112,
    "packetType": "CONNECTABLE_UNDIRECTED_ADVERTISING",
    "payload": Object {
      "data": Array [
        120,
        156,
        72,
        44,
        98,
        97,
      ],
      "type": "Buffer",
    },
    "rssi": 34,
    "type": "advertising_report",
  },
  Object {
    "addressType": "PUBLIC",
    "macAddress": "bf8a7992bf70",
    "opcode": 112,
    "packetType": "CONNECTABLE_UNDIRECTED_ADVERTISING",
    "payload": Object {
      "data": Array [
        2,
        1,
        26,
        7,
        3,
        15,
        24,
        10,
        24,
        255,
        254,
        17,
        9,
        74,
        97,
        98,
        114,
        97,
        32,
        69,
        118,
        111,
        108,
        118,
        101,
        32,
        55,
        53,
        101,
      ],
      "type": "Buffer",
    },
    "rssi": 52,
    "type": "advertising_report",
  },
  Object {
    "addressType": "RANDOM",
    "macAddress": "e1b16801114b",
    "opcode": 112,
    "packetType": "CONNECTABLE_UNDIRECTED_ADVERTISING",
    "payload": Object {
      "data": Array [
        139,
        71,
        185,
        201,
        199,
        126,
      ],
      "type": "Buffer",
    },
    "rssi": -42,
    "type": "advertising_report",
  },
  Object {
    "addressType": "RANDOM",
    "macAddress": "321b54f0d744",
    "opcode": 112,
    "packetType": "CONNECTABLE_UNDIRECTED_ADVERTISING",
    "payload": Object {
      "data": Array [
        2,
        1,
        26,
        2,
        10,
        12,
        10,
        255,
        76,
        0,
        16,
        5,
        3,
        24,
        188,
        239,
        201,
      ],
      "type": "Buffer",
    },
    "rssi": -26,
    "type": "advertising_report",
  },
  Object {
    "addressType": "RANDOM",
    "macAddress": "4a4e52d34260",
    "opcode": 112,
    "packetType": "SCANNABLE_UNDIRECTED_ADVERTISING",
    "payload": Object {
      "data": Array [
        3,
        3,
        159,
        254,
        23,
        22,
        159,
        254,
        2,
        81,
        122,
        102,
        51,
        68,
        113,
        76,
        99,
        119,
        85,
        115,
        0,
        0,
        1,
        121,
        127,
        116,
        82,
        226,
      ],
      "type": "Buffer",
    },
    "rssi": 46,
    "type": "advertising_report",
  },
  Object {
    "addressType": "RANDOM",
    "macAddress": "4a4e52d34260",
    "opcode": 112,
    "packetType": "SCAN_RESPONSE",
    "payload": Object {
      "data": Array [
        9,
        255,
        224,
        0,
        6,
        234,
        202,
        125,
        49,
        4,
      ],
      "type": "Buffer",
    },
    "rssi": 20,
    "type": "advertising_report",
  },
  Object {
    "addressType": "PUBLIC",
    "macAddress": "a23595d0b69c",
    "opcode": 112,
    "packetType": "CONNECTABLE_UNDIRECTED_ADVERTISING",
    "payload": Object {
      "data": Array [
        2,
        1,
        2,
        2,
        10,
        2,
      ],
      "type": "Buffer",
    },
    "rssi": 31,
    "type": "advertising_report",
  },
  Object {
    "addressType": "PUBLIC",
    "macAddress": "a23595d0b69c",
    "opcode": 112,
    "packetType": "SCAN_RESPONSE",
    "payload": Object {
      "data": Array [
        12,
        9,
        115,
        107,
        110,
        45,
        108,
        97,
        112,
        116,
        111,
        112,
        0,
      ],
      "type": "Buffer",
    },
    "rssi": 2,
    "type": "advertising_report",
  },
  Object {
    "addressType": "RANDOM",
    "macAddress": "bb511c042461",
    "opcode": 112,
    "packetType": "CONNECTABLE_UNDIRECTED_ADVERTISING",
    "payload": Object {
      "data": Array [
        2,
        1,
        26,
        2,
        10,
        12,
        10,
        255,
        76,
        0,
        16,
        5,
        27,
        28,
        129,
        238,
        15,
      ],
      "type": "Buffer",
    },
    "rssi": -72,
    "type": "advertising_report",
  },
  Object {
    "addressType": "PUBLIC",
    "macAddress": "b2f560a46838",
    "opcode": 112,
    "packetType": "NON_CONNECTABLE_UNDIRECTED_ADVERTISING",
    "payload": Object {
      "data": Array [
        27,
        255,
        117,
        0,
        66,
        4,
        1,
        128,
        96,
        56,
        104,
        164,
        96,
        245,
        178,
        58,
        104,
        164,
        96,
        245,
        177,
        1,
        0,
        0,
        0,
        0,
        0,
        0,
      ],
      "type": "Buffer",
    },
    "rssi": 14,
    "type": "advertising_report",
  },
  Object {
    "data": Object {
      "data": Array [
        170,
        0,
        42,
        112,
        3,
        1,
        10,
        59,
        110,
        125,
        151,
        121,
        31,
        30,
        255,
        6,
        0,
        1,
        9,
        32,
        6,
        210,
        87,
        20,
        245,
        169,
        44,
        189,
        247,
        164,
        248,
        51,
        102,
        175,
        170,
        0,
        42,
        112,
        3,
        1,
        195,
        206,
      ],
      "type": "Buffer",
    },
    "type": "short",
  },
  Object {
    "addressType": "RANDOM",
    "macAddress": "c3cef39ce04a",
    "opcode": 112,
    "packetType": "NON_CONNECTABLE_UNDIRECTED_ADVERTISING",
    "payload": Object {
      "data": Array [
        30,
        255,
        6,
        0,
        1,
        9,
        32,
        2,
        185,
        227,
        118,
        53,
        108,
        176,
        224,
        122,
        137,
        181,
        127,
        220,
        73,
        176,
        221,
        190,
        34,
        109,
        31,
        242,
        197,
        229,
        47,
      ],
      "type": "Buffer",
    },
    "rssi": -90,
    "type": "advertising_report",
  },
  Object {
    "addressType": "RANDOM",
    "macAddress": "22b76024935b",
    "opcode": 112,
    "packetType": "CONNECTABLE_UNDIRECTED_ADVERTISING",
    "payload": Object {
      "data": Array [
        2,
        1,
        26,
        2,
        10,
        12,
        10,
        255,
        76,
        0,
        16,
        5,
        30,
        24,
        237,
        27,
        128,
      ],
      "type": "Buffer",
    },
    "rssi": 24,
    "type": "advertising_report",
  },
]
`;

exports[`decode decodeEvent should decode response for READ_LOCAL_INFORMATION 1`] = `
Array [
  Object {
    "commandOpcode": 1,
    "completionStatus": 0,
    "firmwareVersion": 2863311530,
    "macAddress": "ffffffffffff",
    "opcode": 128,
    "type": "read_local_information",
  },
]
`;
